CCS PCH C Compiler, Version 5.015, 5967               07-ene.-21 15:52

               Filename:   D:\escuela\tesis\PWM\PWM.lst

               ROM used:   278 bytes (1%)
                           Largest free fragment is 32490
               RAM used:   16 (1%) at main() level
                           16 (1%) worst case
               Stack used: 0 locations
               Stack size: 31

*
0000:  GOTO   0004
....................  
.................... #include <18F4550.h> 
.................... //////////// Standard Header file for the PIC18F4550 device //////////////// 
.................... /////////////////////////////////////////////////////////////////////////// 
.................... ////        (C) Copyright 1996, 2013 Custom Computer Services          //// 
.................... //// This source code may only be used by licensed users of the CCS C  //// 
.................... //// compiler.  This source code may only be distributed to other      //// 
.................... //// licensed users of the CCS C compiler.  No other use, reproduction //// 
.................... //// or distribution is permitted without written permission.          //// 
.................... //// Derivative programs created using this software in object code    //// 
.................... //// form are not restricted in any way.                               //// 
.................... /////////////////////////////////////////////////////////////////////////// 
.................... #device PIC18F4550 
....................  
.................... #list 
....................  
.................... #device ADC=10  
.................... #fuses XT,NOWDT,NOPROTECT,NOLVP,PUT,BROWNOUT,INTRC_IO   
.................... #use delay(clock=4000000)   
....................  
.................... int16 duty=0; 
.................... int16 temp,a,b,c; 
.................... int Timer2,Poscaler; 
.................... double map(float valor, float entradaMin, float entradaMax, float salidaMin, float salidaMax)     
.................... {                                 
....................     return ((((valor-entradaMin)*(salidaMax-salidaMin))/(entradaMax-entradaMin))+salidaMin);  
.................... }   
.................... void main() {  
0004:  CLRF   FF8
0006:  BCF    FD0.7
0008:  MOVLW  60
000A:  MOVWF  FD3
000C:  MOVF   FD3,W
000E:  CLRF   05
0010:  CLRF   04
0012:  MOVF   FC1,W
0014:  ANDLW  C0
0016:  IORLW  0F
0018:  MOVWF  FC1
001A:  MOVLW  07
001C:  MOVWF  FB4
....................    // Generemos una Señal cuadrada de 1 Khz 
....................    Timer2=249;    //Se carga timer 2 con 249 como lo vimos en la pagina 
001E:  MOVLW  F9
0020:  MOVWF  0E
....................    //Preescaler=4;  //Preescaler solo puede tomar valores de: 1 - 4 - 16 
....................    //Para el preescaler colocamos "t2_div_by_4" 
....................    Poscaler=1;  //Preescaler solo puede tomar valores de: 1 
0022:  MOVLW  01
0024:  MOVWF  0F
....................     
....................    setup_timer_2(t2_div_by_4,Timer2,Poscaler);   //Configuracion de Timer 2 para establecer frec. PWM a 1kHz 
0026:  SUBWF  0F,W
0028:  MOVWF  01
002A:  RLCF   01,W
002C:  MOVWF  00
002E:  RLCF   00,F
0030:  RLCF   00,F
0032:  MOVLW  F8
0034:  ANDWF  00,F
0036:  MOVF   00,W
0038:  IORLW  05
003A:  MOVWF  FCA
003C:  MOVFF  0E,FCB
....................    setup_ccp1(ccp_pwm);                //Configurar modulo CCP1 en modo PWM 
0040:  BCF    F94.2
0042:  BCF    F8B.2
0044:  MOVLW  0C
0046:  MOVWF  FBD
0048:  CLRF   FB7
004A:  CLRF   FB6
....................    setup_ccp2(ccp_pwm);                //Configurar modulo CCP1 en modo PWM 
004C:  BCF    F94.1
004E:  BCF    F8B.1
0050:  MOVWF  FBA
....................    setup_adc_ports(all_analog);        //Configurar ADC configuracion de los puertos que funcionan en analogico  
0052:  MOVF   FC1,W
0054:  ANDLW  C0
0056:  MOVWF  FC1
....................    setup_adc(adc_clock_internal); 
0058:  MOVF   FC0,W
005A:  ANDLW  C0
005C:  IORLW  07
005E:  MOVWF  FC0
0060:  BSF    FC0.7
0062:  BSF    FC2.0
....................    while(true){ 
....................           
....................             set_adc_channel(0);        //selecciona el puesto en el que se ejecutarn las sigientes instruciones  
0064:  MOVLW  00
0066:  MOVWF  01
0068:  MOVF   FC2,W
006A:  ANDLW  C3
006C:  IORWF  01,W
006E:  MOVWF  FC2
....................             delay_us(100);        
0070:  MOVLW  20
0072:  MOVWF  00
0074:  DECFSZ 00,F
0076:  BRA    0074
0078:  BRA    007A
007A:  NOP   
....................             a=read_adc();               //leer 
007C:  BSF    FC2.1
007E:  BTFSC  FC2.1
0080:  BRA    007E
0082:  MOVFF  FC3,08
0086:  MOVFF  FC4,09
....................             set_pwm1_duty(a);           //write salida 
008A:  MOVFF  09,02
008E:  MOVFF  08,01
0092:  RRCF   02,F
0094:  RRCF   01,F
0096:  RRCF   02,F
0098:  RRCF   01,F
009A:  RRCF   02,F
009C:  MOVFF  01,FBE
00A0:  RRCF   02,F
00A2:  RRCF   02,W
00A4:  ANDLW  30
00A6:  MOVWF  00
00A8:  MOVF   FBD,W
00AA:  ANDLW  CF
00AC:  IORWF  00,W
00AE:  MOVWF  FBD
....................  
....................  
....................             set_adc_channel(1);        //selecciona el puesto en el que se ejecutarn las sigientes instruciones  
00B0:  MOVLW  04
00B2:  MOVWF  01
00B4:  MOVF   FC2,W
00B6:  ANDLW  C3
00B8:  IORWF  01,W
00BA:  MOVWF  FC2
....................             delay_us(100);        
00BC:  MOVLW  20
00BE:  MOVWF  00
00C0:  DECFSZ 00,F
00C2:  BRA    00C0
00C4:  BRA    00C6
00C6:  NOP   
....................             b=read_adc();               //leer 
00C8:  BSF    FC2.1
00CA:  BTFSC  FC2.1
00CC:  BRA    00CA
00CE:  MOVFF  FC3,0A
00D2:  MOVFF  FC4,0B
....................             c=b-a; 
00D6:  MOVF   08,W
00D8:  SUBWF  0A,W
00DA:  MOVWF  0C
00DC:  MOVF   09,W
00DE:  SUBWFB 0B,W
00E0:  MOVWF  0D
....................             //temp=map(c,0,1023, 0,1023)   ; 
....................             //set_pwm2_duty(temp);           //write salida 
....................             if (a>b) {output_high(PIN_B0);}else{output_low(PIN_B0);} 
00E2:  MOVF   0B,W
00E4:  SUBWF  09,W
00E6:  BNC   00F6
00E8:  BNZ   00F0
00EA:  MOVF   08,W
00EC:  SUBWF  0A,W
00EE:  BC    00F6
00F0:  BCF    F93.0
00F2:  BSF    F8A.0
00F4:  BRA    00FA
00F6:  BCF    F93.0
00F8:  BCF    F8A.0
....................             if (a<b) {output_high(PIN_B1);}else{output_low(PIN_B1);} 
00FA:  MOVF   09,W
00FC:  SUBWF  0B,W
00FE:  BNC   010E
0100:  BNZ   0108
0102:  MOVF   0A,W
0104:  SUBWF  08,W
0106:  BC    010E
0108:  BCF    F93.1
010A:  BSF    F8A.1
010C:  BRA    0112
010E:  BCF    F93.1
0110:  BCF    F8A.1
0112:  BRA    0064
....................  
....................      
....................        
....................           
....................    } 
.................... } 
0114:  SLEEP 

Configuration Fuses:
   Word  1: C83F   PLL12 CPUDIV4 USBDIV INTRC_IO FCMEN IESO
   Word  2: 1E3E   PUT BROWNOUT BORV21 VREGEN NOWDT WDT32768
   Word  3: 8700   CCP2C1 PBADEN LPT1OSC MCLR
   Word  4: 00A1   STVREN NOLVP ICSP2 NOXINST NODEBUG
   Word  5: C00F   NOPROTECT NOCPB NOCPD
   Word  6: E00F   NOWRT NOWRTC NOWRTB NOWRTD
   Word  7: 400F   NOEBTR NOEBTRB
